

================================================================
== Vivado HLS Report for 'zeropad2d_cl_me_ap_fixed_ap_fixed_config21_s'
================================================================
* Date:           Wed Aug 10 16:30:21 2022

* Version:        2019.2 (Build 2704478 on Wed Nov 06 22:10:23 MST 2019)
* Project:        myproject_prj
* Solution:       solution1
* Product family: zynq
* Target device:  xc7z020-clg400-1


================================================================
== Performance Estimates
================================================================
+ Timing: 
    * Summary: 
    +--------+---------+----------+------------+
    |  Clock |  Target | Estimated| Uncertainty|
    +--------+---------+----------+------------+
    |ap_clk  | 5.00 ns | 4.375 ns |   0.62 ns  |
    +--------+---------+----------+------------+

+ Latency: 
    * Summary: 
    +---------+---------+-----------+-----------+------+------+---------+
    |  Latency (cycles) |   Latency (absolute)  |   Interval  | Pipeline|
    |   min   |   max   |    min    |    max    |  min |  max |   Type  |
    +---------+---------+-----------+-----------+------+------+---------+
    |     9829|     9829| 49.145 us | 49.145 us |  9829|  9829|   none  |
    +---------+---------+-----------+-----------+------+------+---------+

    + Detail: 
        * Instance: 
        N/A

        * Loop: 
        +---------------------+---------+---------+----------+-----------+-----------+------+----------+
        |                     |  Latency (cycles) | Iteration|  Initiation Interval  | Trip |          |
        |      Loop Name      |   min   |   max   |  Latency |  achieved |   target  | Count| Pipelined|
        +---------------------+---------+---------+----------+-----------+-----------+------+----------+
        |- PadTopWidth        |      578|      578|        34|          -|          -|    17|    no    |
        | + PadTopWidth.1     |       32|       32|         1|          -|          -|    32|    no    |
        |- PadMain            |     8670|     8670|       578|          -|          -|    15|    no    |
        | + PadMain.1         |       32|       32|         1|          -|          -|    32|    no    |
        | + CopyMain          |      510|      510|        34|          -|          -|    15|    no    |
        |  ++ CopyMain.1      |       32|       32|         1|          -|          -|    32|    no    |
        | + PadMain.3         |       32|       32|         1|          -|          -|    32|    no    |
        |- PadBottomWidth     |      578|      578|        34|          -|          -|    17|    no    |
        | + PadBottomWidth.1  |       32|       32|         1|          -|          -|    32|    no    |
        +---------------------+---------+---------+----------+-----------+-----------+------+----------+



================================================================
== Utilization Estimates
================================================================
* Summary: 
+-----------------+---------+-------+--------+-------+-----+
|       Name      | BRAM_18K| DSP48E|   FF   |  LUT  | URAM|
+-----------------+---------+-------+--------+-------+-----+
|DSP              |        -|      -|       -|      -|    -|
|Expression       |        -|      -|       0|    238|    -|
|FIFO             |        -|      -|       -|      -|    -|
|Instance         |        -|      -|       -|      -|    -|
|Memory           |        -|      -|       -|      -|    -|
|Multiplexer      |        -|      -|       -|    182|    -|
|Register         |        -|      -|      78|      -|    -|
+-----------------+---------+-------+--------+-------+-----+
|Total            |        0|      0|      78|    420|    0|
+-----------------+---------+-------+--------+-------+-----+
|Available        |      280|    220|  106400|  53200|    0|
+-----------------+---------+-------+--------+-------+-----+
|Utilization (%)  |        0|      0|   ~0   |   ~0  |    0|
+-----------------+---------+-------+--------+-------+-----+

+ Detail: 
    * Instance: 
    N/A

    * DSP48E: 
    N/A

    * Memory: 
    N/A

    * FIFO: 
    N/A

    * Expression: 
    +-----------------------+----------+-------+---+----+------------+------------+
    |     Variable Name     | Operation| DSP48E| FF| LUT| Bitwidth P0| Bitwidth P1|
    +-----------------------+----------+-------+---+----+------------+------------+
    |c_1_fu_226_p2          |     +    |      0|  0|  15|           6|           1|
    |c_2_fu_286_p2          |     +    |      0|  0|  15|           6|           1|
    |c_3_fu_262_p2          |     +    |      0|  0|  15|           6|           1|
    |c_4_fu_250_p2          |     +    |      0|  0|  15|           6|           1|
    |c_fu_202_p2            |     +    |      0|  0|  15|           6|           1|
    |i_fu_214_p2            |     +    |      0|  0|  13|           4|           1|
    |j_1_fu_274_p2          |     +    |      0|  0|  15|           5|           1|
    |j_2_fu_238_p2          |     +    |      0|  0|  13|           4|           1|
    |j_fu_190_p2            |     +    |      0|  0|  15|           5|           1|
    |ap_block_state10       |    and   |      0|  0|   2|           1|           1|
    |ap_block_state3        |    and   |      0|  0|   2|           1|           1|
    |ap_block_state5        |    and   |      0|  0|   2|           1|           1|
    |ap_block_state8        |    and   |      0|  0|   2|           1|           1|
    |icmp_ln112_fu_184_p2   |   icmp   |      0|  0|  11|           5|           5|
    |icmp_ln117_fu_208_p2   |   icmp   |      0|  0|   9|           4|           2|
    |icmp_ln121_fu_232_p2   |   icmp   |      0|  0|   9|           4|           2|
    |icmp_ln130_fu_268_p2   |   icmp   |      0|  0|  11|           5|           5|
    |icmp_ln23_1_fu_220_p2  |   icmp   |      0|  0|  11|           6|           7|
    |icmp_ln23_2_fu_280_p2  |   icmp   |      0|  0|  11|           6|           7|
    |icmp_ln23_3_fu_256_p2  |   icmp   |      0|  0|  11|           6|           7|
    |icmp_ln23_fu_196_p2    |   icmp   |      0|  0|  11|           6|           7|
    |icmp_ln47_fu_244_p2    |   icmp   |      0|  0|  11|           6|           7|
    |ap_block_state1        |    or    |      0|  0|   2|           1|           1|
    |ap_block_state7        |    or    |      0|  0|   2|           1|           1|
    +-----------------------+----------+-------+---+----+------------+------------+
    |Total                  |          |      0|  0| 238|         102|          64|
    +-----------------------+----------+-------+---+----+------------+------------+

    * Multiplexer: 
    +-----------------+----+-----------+-----+-----------+
    |       Name      | LUT| Input Size| Bits| Total Bits|
    +-----------------+----+-----------+-----+-----------+
    |ap_NS_fsm        |  50|         11|    1|         11|
    |ap_done          |   9|          2|    1|          2|
    |c_0_i22_reg_151  |   9|          2|    6|         12|
    |c_0_i26_reg_118  |   9|          2|    6|         12|
    |c_0_i30_reg_96   |   9|          2|    6|         12|
    |c_0_i34_reg_140  |   9|          2|    6|         12|
    |c_0_i_reg_173    |   9|          2|    6|         12|
    |data_V_V_blk_n   |   9|          2|    1|          2|
    |i1_0_reg_107     |   9|          2|    4|          8|
    |j3_0_reg_129     |   9|          2|    4|          8|
    |j6_0_reg_162     |   9|          2|    5|         10|
    |j_0_reg_85       |   9|          2|    5|         10|
    |real_start       |   9|          2|    1|          2|
    |res_V_V_blk_n    |   9|          2|    1|          2|
    |res_V_V_din      |  15|          3|   16|         48|
    +-----------------+----+-----------+-----+-----------+
    |Total            | 182|         40|   69|        163|
    +-----------------+----+-----------+-----+-----------+

    * Register: 
    +-----------------+----+----+-----+-----------+
    |       Name      | FF | LUT| Bits| Const Bits|
    +-----------------+----+----+-----+-----------+
    |ap_CS_fsm        |  10|   0|   10|          0|
    |ap_done_reg      |   1|   0|    1|          0|
    |c_0_i22_reg_151  |   6|   0|    6|          0|
    |c_0_i26_reg_118  |   6|   0|    6|          0|
    |c_0_i30_reg_96   |   6|   0|    6|          0|
    |c_0_i34_reg_140  |   6|   0|    6|          0|
    |c_0_i_reg_173    |   6|   0|    6|          0|
    |i1_0_reg_107     |   4|   0|    4|          0|
    |i_reg_311        |   4|   0|    4|          0|
    |j3_0_reg_129     |   4|   0|    4|          0|
    |j6_0_reg_162     |   5|   0|    5|          0|
    |j_0_reg_85       |   5|   0|    5|          0|
    |j_1_reg_351      |   5|   0|    5|          0|
    |j_2_reg_327      |   4|   0|    4|          0|
    |j_reg_295        |   5|   0|    5|          0|
    |start_once_reg   |   1|   0|    1|          0|
    +-----------------+----+----+-----+-----------+
    |Total            |  78|   0|   78|          0|
    +-----------------+----+----+-----+-----------+



================================================================
== Interface
================================================================
* Summary: 
+------------------+-----+-----+------------+---------------------------------------------+--------------+
|     RTL Ports    | Dir | Bits|  Protocol  |                Source Object                |    C Type    |
+------------------+-----+-----+------------+---------------------------------------------+--------------+
|ap_clk            |  in |    1| ap_ctrl_hs | zeropad2d_cl_me<ap_fixed,ap_fixed,config21> | return value |
|ap_rst            |  in |    1| ap_ctrl_hs | zeropad2d_cl_me<ap_fixed,ap_fixed,config21> | return value |
|ap_start          |  in |    1| ap_ctrl_hs | zeropad2d_cl_me<ap_fixed,ap_fixed,config21> | return value |
|start_full_n      |  in |    1| ap_ctrl_hs | zeropad2d_cl_me<ap_fixed,ap_fixed,config21> | return value |
|ap_done           | out |    1| ap_ctrl_hs | zeropad2d_cl_me<ap_fixed,ap_fixed,config21> | return value |
|ap_continue       |  in |    1| ap_ctrl_hs | zeropad2d_cl_me<ap_fixed,ap_fixed,config21> | return value |
|ap_idle           | out |    1| ap_ctrl_hs | zeropad2d_cl_me<ap_fixed,ap_fixed,config21> | return value |
|ap_ready          | out |    1| ap_ctrl_hs | zeropad2d_cl_me<ap_fixed,ap_fixed,config21> | return value |
|start_out         | out |    1| ap_ctrl_hs | zeropad2d_cl_me<ap_fixed,ap_fixed,config21> | return value |
|start_write       | out |    1| ap_ctrl_hs | zeropad2d_cl_me<ap_fixed,ap_fixed,config21> | return value |
|data_V_V_dout     |  in |   16|   ap_fifo  |                   data_V_V                  |    pointer   |
|data_V_V_empty_n  |  in |    1|   ap_fifo  |                   data_V_V                  |    pointer   |
|data_V_V_read     | out |    1|   ap_fifo  |                   data_V_V                  |    pointer   |
|res_V_V_din       | out |   16|   ap_fifo  |                   res_V_V                   |    pointer   |
|res_V_V_full_n    |  in |    1|   ap_fifo  |                   res_V_V                   |    pointer   |
|res_V_V_write     | out |    1|   ap_fifo  |                   res_V_V                   |    pointer   |
+------------------+-----+-----+------------+---------------------------------------------+--------------+

